﻿[dotenv@17.3.1] injecting env (3) from .env -- tip: ΓÜÖ∩╕Å  load multiple .env files with { path: ['.env.local', '.env'] }

Γ£à MongoDB Connected

≡ƒôè Total students in Student collection: 13

≡ƒôï Student Details:
  1. Name: Meera patil, Email: meerapatil@gmail.com, Course: YES
  2. Name: Tanu vaishya, Email: tanuvaishya398@gmail.com, Course: YES
  3. Name: rutik jadhav, Email: rutikjadhav@gmail.com, Course: YES
  4. Name: Anita gire, Email: anitagire288@gmail.com, Course: YES
  5. Name: Khushi rao, Email: khushirao12@gmail,com, Course: YES
  6. Name: shashi magar, Email: shashimagar3455@gmail.com, Course: YES
  7. Name: sakshi bhojne, Email: sakshinhojne333@gmail.com, Course: YES
  8. Name: Vighnesh Kolhe, Email: vighneshkolhepatil@gmail.com, Course: YES
  9. Name: Shraddha kale, Email: shraddhakale1234@gmail.com, Course: YES
  10. Name: Bhumi jha, Email: bhumijha123@gmail.com, Course: YES
  11. Name: Sakshi mene, Email: sakshimene@gmail.com, Course: NO
  12. Name: Reva shinde, Email: revashinde67@gmail.com, Course: YES
  13. Name: Sanvi jagtap, Email: sanvijagtap55@gmail.com, Course: YES

≡ƒôè Total students in StudentAuth collection: 1

≡ƒæÑ StudentAuth Details:
  1. Name: Sanvi jagtap, Email: sanvijagtap55@gmail.com

≡ƒöæ Using email for token: sanvijagtap55@gmail.com

≡ƒô¥ Test Token (first 50 chars): eyJhbGciOiJIUzI1NiIsInR5cCI6IkpXVCJ9.eyJpZCI6IjY5Z...

≡ƒîÉ Making test request to /api/student/dashboard...


Γ£à Response Status: 200
≡ƒôñ Response Data: {
  success: true,
  student: {
    id: '69d45c456b360a408e58d262',
    email: 'sanvijagtap55@gmail.com',
    iat: 1775539002,
    exp: 1775542602
  }
}

≡ƒæÇ Check server terminal for ===== DEBUG START/END logs
